../Core/Src/main.c:84:6:rfidA_on	8	static
../Core/Src/main.c:90:6:rfidA_off	8	static
../Core/Src/main.c:96:6:rfidB_on	8	static
../Core/Src/main.c:102:6:rfidB_off	8	static
../Core/Src/main.c:108:6:sensorA_event	16	static
../Core/Src/main.c:156:6:sensorB_event	16	static
../Core/Src/main.c:204:6:clear_to_idle_task	24	static
../Core/Src/main.c:246:6:system_timeout_task	16	static
../Core/Src/main.c:273:6:process_sensors	16	static
../Core/Src/main.c:362:6:SystemClock_Config	72	static,ignoring_inline_asm
../Core/Src/main.c:315:5:main	40	static,ignoring_inline_asm
../Core/Src/main.c:449:6:HAL_GPIO_EXTI_Callback	0	static
../Core/Src/main.c:461:6:Error_Handler	0	static,ignoring_inline_asm
