../Core/Src/main.c:84:6:rfidA_on	8	static
../Core/Src/main.c:90:6:rfidA_off	8	static
../Core/Src/main.c:96:6:rfidB_on	8	static
../Core/Src/main.c:102:6:rfidB_off	8	static
../Core/Src/main.c:108:6:sensorA_event	16	static
../Core/Src/main.c:155:6:sensorB_event	16	static
../Core/Src/main.c:202:6:clear_to_idle_task	8	static
../Core/Src/main.c:243:6:system_timeout_task	8	static
../Core/Src/main.c:270:6:process_sensors	16	static
../Core/Src/main.c:312:5:main	8	static,ignoring_inline_asm
../Core/Src/main.c:359:6:SystemClock_Config	72	static
../Core/Src/main.c:396:13:MX_GPIO_Init	40	static
../Core/Src/main.c:446:6:HAL_GPIO_EXTI_Callback	16	static
../Core/Src/main.c:458:6:Error_Handler	4	static,ignoring_inline_asm
